// Jest Snapshot v1, https://goo.gl/fbAQLP

exports[`GroupingButtons renders correctly 1`] = `
Array [
  <div
    className="sc-gtsrHT dVvDsX"
  >
    <div
      className="sc-bdnxRM jDkucz"
    >
      group: 
      25
    </div>
    <button
      className="sc-dlnjwi gTMfzH"
      onClick={[Function]}
    >
      +
    </button>
    <button
      className="sc-dlnjwi gTMfzH"
      onClick={[Function]}
    >
      âˆ’
    </button>
  </div>,
  ",",
]
`;
